// Jest Snapshot v1, https://goo.gl/fbAQLP

exports[`Dashboard component should match exact snapshot 1`] = `
<div
  className="ant-spin ant-spin-lg ant-spin-spinning"
>
  <span
    className="ant-spin-dot ant-spin-dot-spin"
  >
    <i
      className="ant-spin-dot-item"
    />
    <i
      className="ant-spin-dot-item"
    />
    <i
      className="ant-spin-dot-item"
    />
    <i
      className="ant-spin-dot-item"
    />
  </span>
</div>
`;
